lcd.c:14:6:LCD_WR_REG	16	static
lcd.c:19:6:LCD_WR_DATA	16	static
lcd.c:24:10:LCD_RD_DATA	16	static
lcd.c:32:6:lcd_AddressSet	24	static
lcd.c:48:6:lcd_SetCursor	16	static
lcd.c:58:6:lcd_DisplayOn	8	static
lcd.c:63:6:lcd_DisplayOff	8	static
lcd.c:68:10:lcd_ReadPoint	24	static
lcd.c:82:6:lcd_Clear	24	static
lcd.c:99:6:lcd_Fill	32	static
lcd.c:112:6:lcd_DrawPoint	16	static
lcd.c:118:6:lcd_DrawLine	64	static
lcd.c:154:6:lcd_DrawRectangle	32	static
lcd.c:162:6:lcd_ShowChar	40	static
lcd.c:206:10:mypow	24	static
lcd.c:213:6:lcd_ShowIntNum	48	static
lcd.c:235:6:lcd_ShowFloatNum1	56	static
lcd.c:254:6:lcd_ShowPicture	40	static
lcd.c:273:6:lcd_SetDir	16	static
lcd.c:287:6:lcd_init	8	static
lcd.c:398:6:_draw_circle_8	24	static
lcd.c:417:6:lcd_DrawCircle	48	static
lcd.c:453:6:lcd_ShowStr	56	static
lcd.c:482:6:lcd_StrCenter	48	static
lcd.c:488:6:DrawTestPage	32	static
lcd.c:502:6:lcd_Display	16	static
