Archive member included to satisfy reference by file (symbol)

c:/st/stm32cubeide_1.7.0/stm32cubeide/plugins/com.st.stm32cube.ide.mcu.externaltools.gnu-tools-for-stm32.9-2020-q2-update.win32_2.0.0.202105311346/tools/bin/../lib/gcc/arm-none-eabi/9.3.1/../../../../arm-none-eabi/lib/thumb/v7e-m+fp/hard\libc_nano.a(lib_a-errno.o)
                              ./Core/Src/syscalls.o (__errno)
c:/st/stm32cubeide_1.7.0/stm32cubeide/plugins/com.st.stm32cube.ide.mcu.externaltools.gnu-tools-for-stm32.9-2020-q2-update.win32_2.0.0.202105311346/tools/bin/../lib/gcc/arm-none-eabi/9.3.1/../../../../arm-none-eabi/lib/thumb/v7e-m+fp/hard\libc_nano.a(lib_a-exit.o)
                              c:/st/stm32cubeide_1.7.0/stm32cubeide/plugins/com.st.stm32cube.ide.mcu.externaltools.gnu-tools-for-stm32.9-2020-q2-update.win32_2.0.0.202105311346/tools/bin/../lib/gcc/arm-none-eabi/9.3.1/../../../../arm-none-eabi/lib/thumb/v7e-m+fp/hard/crt0.o (exit)
c:/st/stm32cubeide_1.7.0/stm32cubeide/plugins/com.st.stm32cube.ide.mcu.externaltools.gnu-tools-for-stm32.9-2020-q2-update.win32_2.0.0.202105311346/tools/bin/../lib/gcc/arm-none-eabi/9.3.1/../../../../arm-none-eabi/lib/thumb/v7e-m+fp/hard\libc_nano.a(lib_a-impure.o)
                              c:/st/stm32cubeide_1.7.0/stm32cubeide/plugins/com.st.stm32cube.ide.mcu.externaltools.gnu-tools-for-stm32.9-2020-q2-update.win32_2.0.0.202105311346/tools/bin/../lib/gcc/arm-none-eabi/9.3.1/../../../../arm-none-eabi/lib/thumb/v7e-m+fp/hard\libc_nano.a(lib_a-exit.o) (_global_impure_ptr)
c:/st/stm32cubeide_1.7.0/stm32cubeide/plugins/com.st.stm32cube.ide.mcu.externaltools.gnu-tools-for-stm32.9-2020-q2-update.win32_2.0.0.202105311346/tools/bin/../lib/gcc/arm-none-eabi/9.3.1/../../../../arm-none-eabi/lib/thumb/v7e-m+fp/hard\libc_nano.a(lib_a-init.o)
                              c:/st/stm32cubeide_1.7.0/stm32cubeide/plugins/com.st.stm32cube.ide.mcu.externaltools.gnu-tools-for-stm32.9-2020-q2-update.win32_2.0.0.202105311346/tools/bin/../lib/gcc/arm-none-eabi/9.3.1/../../../../arm-none-eabi/lib/thumb/v7e-m+fp/hard/crt0.o (__libc_init_array)
c:/st/stm32cubeide_1.7.0/stm32cubeide/plugins/com.st.stm32cube.ide.mcu.externaltools.gnu-tools-for-stm32.9-2020-q2-update.win32_2.0.0.202105311346/tools/bin/../lib/gcc/arm-none-eabi/9.3.1/../../../../arm-none-eabi/lib/thumb/v7e-m+fp/hard\libc_nano.a(lib_a-memset.o)
                              c:/st/stm32cubeide_1.7.0/stm32cubeide/plugins/com.st.stm32cube.ide.mcu.externaltools.gnu-tools-for-stm32.9-2020-q2-update.win32_2.0.0.202105311346/tools/bin/../lib/gcc/arm-none-eabi/9.3.1/../../../../arm-none-eabi/lib/thumb/v7e-m+fp/hard/crt0.o (memset)
c:/st/stm32cubeide_1.7.0/stm32cubeide/plugins/com.st.stm32cube.ide.mcu.externaltools.gnu-tools-for-stm32.9-2020-q2-update.win32_2.0.0.202105311346/tools/bin/../lib/gcc/arm-none-eabi/9.3.1/thumb/v7e-m+fp/hard\libgcc.a(_aeabi_uldivmod.o)
                              ./Drivers/STM32F4xx_HAL_Driver/Src/stm32f4xx_hal_rcc.o (__aeabi_uldivmod)
c:/st/stm32cubeide_1.7.0/stm32cubeide/plugins/com.st.stm32cube.ide.mcu.externaltools.gnu-tools-for-stm32.9-2020-q2-update.win32_2.0.0.202105311346/tools/bin/../lib/gcc/arm-none-eabi/9.3.1/thumb/v7e-m+fp/hard\libgcc.a(_udivmoddi4.o)
                              c:/st/stm32cubeide_1.7.0/stm32cubeide/plugins/com.st.stm32cube.ide.mcu.externaltools.gnu-tools-for-stm32.9-2020-q2-update.win32_2.0.0.202105311346/tools/bin/../lib/gcc/arm-none-eabi/9.3.1/thumb/v7e-m+fp/hard\libgcc.a(_aeabi_uldivmod.o) (__udivmoddi4)
c:/st/stm32cubeide_1.7.0/stm32cubeide/plugins/com.st.stm32cube.ide.mcu.externaltools.gnu-tools-for-stm32.9-2020-q2-update.win32_2.0.0.202105311346/tools/bin/../lib/gcc/arm-none-eabi/9.3.1/thumb/v7e-m+fp/hard\libgcc.a(_dvmd_tls.o)
                              c:/st/stm32cubeide_1.7.0/stm32cubeide/plugins/com.st.stm32cube.ide.mcu.externaltools.gnu-tools-for-stm32.9-2020-q2-update.win32_2.0.0.202105311346/tools/bin/../lib/gcc/arm-none-eabi/9.3.1/thumb/v7e-m+fp/hard\libgcc.a(_aeabi_uldivmod.o) (__aeabi_ldiv0)

Allocating common symbols
Common symbol       size              file

hi2c1               0x54              ./Core/Src/i2c.o
uwTick              0x4               ./Drivers/STM32F4xx_HAL_Driver/Src/stm32f4xx_hal.o
pFlash              0x20              ./Drivers/STM32F4xx_HAL_Driver/Src/stm32f4xx_hal_flash.o
hsram1              0x50              ./Core/Src/fsmc.o
huart1              0x44              ./Core/Src/usart.o
hspi1               0x58              ./Core/Src/spi.o
htim2               0x48              ./Core/Src/tim.o

Discarded input sections

 .text          0x0000000000000000        0x0 c:/st/stm32cubeide_1.7.0/stm32cubeide/plugins/com.st.stm32cube.ide.mcu.externaltools.gnu-tools-for-stm32.9-2020-q2-update.win32_2.0.0.202105311346/tools/bin/../lib/gcc/arm-none-eabi/9.3.1/thumb/v7e-m+fp/hard/crti.o
[...]
Memory Configuration

Name             Origin             Length             Attributes
CCMRAM           0x0000000010000000 0x0000000000010000 xrw
RAM              0x0000000020000000 0x0000000000020000 xrw
FLASH            0x0000000008000000 0x0000000000100000 xr
*default*        0x0000000000000000 0xffffffffffffffff

Linker script and memory map

LOAD c:/st/stm32cubeide_1.7.0/stm32cubeide/plugins/com.st.stm32cube.ide.mcu.externaltools.gnu-tools-for-stm32.9-2020-q2-update.win32_2.0.0.202105311346/tools/bin/../lib/gcc/arm-none-eabi/9.3.1/thumb/v7e-m+fp/hard/crti.o
LOAD c:/st/stm32cubeide_1.7.0/stm32cubeide/plugins/com.st.stm32cube.ide.mcu.externaltools.gnu-tools-for-stm32.9-2020-q2-update.win32_2.0.0.202105311346/tools/bin/../lib/gcc/arm-none-eabi/9.3.1/thumb/v7e-m+fp/hard/crtbegin.o
LOAD c:/st/stm32cubeide_1.7.0/stm32cubeide/plugins/com.st.stm32cube.ide.mcu.externaltools.gnu-tools-for-stm32.9-2020-q2-update.win32_2.0.0.202105311346/tools/bin/../lib/gcc/arm-none-eabi/9.3.1/../../../../arm-none-eabi/lib/thumb/v7e-m+fp/hard/crt0.o
LOAD ./Core/Src/fsmc.o
LOAD ./Core/Src/gpio.o
LOAD ./Core/Src/i2c.o
LOAD ./Core/Src/led_7seg.o
LOAD ./Core/Src/main.o
LOAD ./Core/Src/software_timer.o
LOAD ./Core/Src/spi.o
LOAD ./Core/Src/stm32f4xx_hal_msp.o
LOAD ./Core/Src/stm32f4xx_it.o
LOAD ./Core/Src/syscalls.o
LOAD ./Core/Src/sysmem.o
LOAD ./Core/Src/system_stm32f4xx.o
LOAD ./Core/Src/tim.o
LOAD ./Core/Src/usart.o
LOAD ./Core/Startup/startup_stm32f407zetx.o
LOAD ./Drivers/STM32F4xx_HAL_Driver/Src/stm32f4xx_hal.o
LOAD ./Drivers/STM32F4xx_HAL_Driver/Src/stm32f4xx_hal_cortex.o
LOAD ./Drivers/STM32F4xx_HAL_Driver/Src/stm32f4xx_hal_dma.o
LOAD ./Drivers/STM32F4xx_HAL_Driver/Src/stm32f4xx_hal_dma_ex.o
LOAD ./Drivers/STM32F4xx_HAL_Driver/Src/stm32f4xx_hal_exti.o
LOAD ./Drivers/STM32F4xx_HAL_Driver/Src/stm32f4xx_hal_flash.o
LOAD ./Drivers/STM32F4xx_HAL_Driver/Src/stm32f4xx_hal_flash_ex.o
LOAD ./Drivers/STM32F4xx_HAL_Driver/Src/stm32f4xx_hal_flash_ramfunc.o
LOAD ./Drivers/STM32F4xx_HAL_Driver/Src/stm32f4xx_hal_gpio.o
LOAD ./Drivers/STM32F4xx_HAL_Driver/Src/stm32f4xx_hal_i2c.o
LOAD ./Drivers/STM32F4xx_HAL_Driver/Src/stm32f4xx_hal_i2c_ex.o
LOAD ./Drivers/STM32F4xx_HAL_Driver/Src/stm32f4xx_hal_pwr.o
LOAD ./Drivers/STM32F4xx_HAL_Driver/Src/stm32f4xx_hal_pwr_ex.o
LOAD ./Drivers/STM32F4xx_HAL_Driver/Src/stm32f4xx_hal_rcc.o
LOAD ./Drivers/STM32F4xx_HAL_Driver/Src/stm32f4xx_hal_rcc_ex.o
LOAD ./Drivers/STM32F4xx_HAL_Driver/Src/stm32f4xx_hal_spi.o
LOAD ./Drivers/STM32F4xx_HAL_Driver/Src/stm32f4xx_hal_sram.o
LOAD ./Drivers/STM32F4xx_HAL_Driver/Src/stm32f4xx_hal_tim.o
LOAD ./Drivers/STM32F4xx_HAL_Driver/Src/stm32f4xx_hal_tim_ex.o
LOAD ./Drivers/STM32F4xx_HAL_Driver/Src/stm32f4xx_hal_uart.o
LOAD ./Drivers/STM32F4xx_HAL_Driver/Src/stm32f4xx_ll_fsmc.o
START GROUP
LOAD c:/st/stm32cubeide_1.7.0/stm32cubeide/plugins/com.st.stm32cube.ide.mcu.externaltools.gnu-tools-for-stm32.9-2020-q2-update.win32_2.0.0.202105311346/tools/bin/../lib/gcc/arm-none-eabi/9.3.1/../../../../arm-none-eabi/lib/thumb/v7e-m+fp/hard\libc_nano.a
LOAD c:/st/stm32cubeide_1.7.0/stm32cubeide/plugins/com.st.stm32cube.ide.mcu.externaltools.gnu-tools-for-stm32.9-2020-q2-update.win32_2.0.0.202105311346/tools/bin/../lib/gcc/arm-none-eabi/9.3.1/../../../../arm-none-eabi/lib/thumb/v7e-m+fp/hard\libm.a
END GROUP
START GROUP
LOAD c:/st/stm32cubeide_1.7.0/stm32cubeide/plugins/com.st.stm32cube.ide.mcu.externaltools.gnu-tools-for-stm32.9-2020-q2-update.win32_2.0.0.202105311346/tools/bin/../lib/gcc/arm-none-eabi/9.3.1/thumb/v7e-m+fp/hard\libgcc.a
LOAD c:/st/stm32cubeide_1.7.0/stm32cubeide/plugins/com.st.stm32cube.ide.mcu.externaltools.gnu-tools-for-stm32.9-2020-q2-update.win32_2.0.0.202105311346/tools/bin/../lib/gcc/arm-none-eabi/9.3.1/../../../../arm-none-eabi/lib/thumb/v7e-m+fp/hard\libc_nano.a
END GROUP
START GROUP
LOAD c:/st/stm32cubeide_1.7.0/stm32cubeide/plugins/com.st.stm32cube.ide.mcu.externaltools.gnu-tools-for-stm32.9-2020-q2-update.win32_2.0.0.202105311346/tools/bin/../lib/gcc/arm-none-eabi/9.3.1/thumb/v7e-m+fp/hard\libgcc.a
LOAD c:/st/stm32cubeide_1.7.0/stm32cubeide/plugins/com.st.stm32cube.ide.mcu.externaltools.gnu-tools-for-stm32.9-2020-q2-update.win32_2.0.0.202105311346/tools/bin/../lib/gcc/arm-none-eabi/9.3.1/../../../../arm-none-eabi/lib/thumb/v7e-m+fp/hard\libc_nano.a
LOAD c:/st/stm32cubeide_1.7.0/stm32cubeide/plugins/com.st.stm32cube.ide.mcu.externaltools.gnu-tools-for-stm32.9-2020-q2-update.win32_2.0.0.202105311346/tools/bin/../lib/gcc/arm-none-eabi/9.3.1/../../../../arm-none-eabi/lib/thumb/v7e-m+fp/hard\libnosys.a
END GROUP
START GROUP
LOAD c:/st/stm32cubeide_1.7.0/stm32cubeide/plugins/com.st.stm32cube.ide.mcu.externaltools.gnu-tools-for-stm32.9-2020-q2-update.win32_2.0.0.202105311346/tools/bin/../lib/gcc/arm-none-eabi/9.3.1/thumb/v7e-m+fp/hard\libgcc.a
LOAD c:/st/stm32cubeide_1.7.0/stm32cubeide/plugins/com.st.stm32cube.ide.mcu.externaltools.gnu-tools-for-stm32.9-2020-q2-update.win32_2.0.0.202105311346/tools/bin/../lib/gcc/arm-none-eabi/9.3.1/../../../../arm-none-eabi/lib/thumb/v7e-m+fp/hard\libc_nano.a
LOAD c:/st/stm32cubeide_1.7.0/stm32cubeide/plugins/com.st.stm32cube.ide.mcu.externaltools.gnu-tools-for-stm32.9-2020-q2-update.win32_2.0.0.202105311346/tools/bin/../lib/gcc/arm-none-eabi/9.3.1/../../../../arm-none-eabi/lib/thumb/v7e-m+fp/hard\libnosys.a
END GROUP
LOAD c:/st/stm32cubeide_1.7.0/stm32cubeide/plugins/com.st.stm32cube.ide.mcu.externaltools.gnu-tools-for-stm32.9-2020-q2-update.win32_2.0.0.202105311346/tools/bin/../lib/gcc/arm-none-eabi/9.3.1/thumb/v7e-m+fp/hard/crtend.o
LOAD c:/st/stm32cubeide_1.7.0/stm32cubeide/plugins/com.st.stm32cube.ide.mcu.externaltools.gnu-tools-for-stm32.9-2020-q2-update.win32_2.0.0.202105311346/tools/bin/../lib/gcc/arm-none-eabi/9.3.1/thumb/v7e-m+fp/hard/crtn.o
                0x0000000020020000                _estack = (ORIGIN (RAM) + LENGTH (RAM))
                0x0000000000000200                _Min_Heap_Size = 0x200
                0x0000000000000400                _Min_Stack_Size = 0x400

.isr_vector     0x0000000008000000      0x188
                0x0000000008000000                . = ALIGN (0x4)
 *(.isr_vector)
 .isr_vector    0x0000000008000000      0x188 ./Core/Startup/startup_stm32f407zetx.o
                0x0000000008000000                g_pfnVectors
                0x0000000008000188                . = ALIGN (0x4)

.text           0x0000000008000188     0x40c4
                0x0000000008000188                . = ALIGN (0x4)
 *(.text)
 .text          0x0000000008000188       0x40 c:/st/stm32cubeide_1.7.0/stm32cubeide/plugins/com.st.stm32cube.ide.mcu.externaltools.gnu-tools-for-stm32.9-2020-q2-update.win32_2.0.0.202105311346/tools/bin/../lib/gcc/arm-none-eabi/9.3.1/thumb/v7e-m+fp/hard/crtbegin.o
 .text          0x00000000080001c8       0x30 c:/st/stm32cubeide_1.7.0/stm32cubeide/plugins/com.st.stm32cube.ide.mcu.externaltools.gnu-tools-for-stm32.9-2020-q2-update.win32_2.0.0.202105311346/tools/bin/../lib/gcc/arm-none-eabi/9.3.1/thumb/v7e-m+fp/hard\libgcc.a(_aeabi_uldivmod.o)
                0x00000000080001c8                __aeabi_uldivmod
 .text          0x00000000080001f8      0x2c4 c:/st/stm32cubeide_1.7.0/stm32cubeide/plugins/com.st.stm32cube.ide.mcu.externaltools.gnu-tools-for-stm32.9-2020-q2-update.win32_2.0.0.202105311346/tools/bin/../lib/gcc/arm-none-eabi/9.3.1/thumb/v7e-m+fp/hard\libgcc.a(_udivmoddi4.o)
                0x00000000080001f8                __udivmoddi4
 .text          0x00000000080004bc        0x4 c:/st/stm32cubeide_1.7.0/stm32cubeide/plugins/com.st.stm32cube.ide.mcu.externaltools.gnu-tools-for-stm32.9-2020-q2-update.win32_2.0.0.202105311346/tools/bin/../lib/gcc/arm-none-eabi/9.3.1/thumb/v7e-m+fp/hard\libgcc.a(_dvmd_tls.o)
                0x00000000080004bc                __aeabi_idiv0
                0x00000000080004bc                __aeabi_ldiv0
 *(.text*)
 .text.MX_FSMC_Init
                0x00000000080004c0       0xf4 ./Core/Src/fsmc.o
                0x00000000080004c0                MX_FSMC_Init
 .text.HAL_FSMC_MspInit
                0x00000000080005b4       0x98 ./Core/Src/fsmc.o
 .text.HAL_SRAM_MspInit
                0x000000000800064c       0x14 ./Core/Src/fsmc.o
                0x000000000800064c                HAL_SRAM_MspInit
 .text.MX_GPIO_Init
                0x0000000008000660      0x1f0 ./Core/Src/gpio.o
                0x0000000008000660                MX_GPIO_Init
 .text.MX_I2C1_Init
                0x0000000008000850       0x5c ./Core/Src/i2c.o
                0x0000000008000850                MX_I2C1_Init
 .text.HAL_I2C_MspInit
                0x00000000080008ac       0x90 ./Core/Src/i2c.o
                0x00000000080008ac                HAL_I2C_MspInit
 .text.led7_init
                0x000000000800093c       0x18 ./Core/Src/led_7seg.o
                0x000000000800093c                led7_init
 .text.led7_Scan
                0x0000000008000954      0x118 ./Core/Src/led_7seg.o
                0x0000000008000954                led7_Scan
 .text.led7_SetDigit
                0x0000000008000a6c       0x48 ./Core/Src/led_7seg.o
                0x0000000008000a6c                led7_SetDigit
 .text.led7_SetColon
                0x0000000008000ab4       0x40 ./Core/Src/led_7seg.o
                0x0000000008000ab4                led7_SetColon
 .text.main     0x0000000008000af4       0x48 ./Core/Src/main.o
                0x0000000008000af4                main
 .text.SystemClock_Config
                0x0000000008000b3c       0xd4 ./Core/Src/main.o
                0x0000000008000b3c                SystemClock_Config
 .text.system_init
                0x0000000008000c10       0x38 ./Core/Src/main.o
                0x0000000008000c10                system_init
 .text.shiftNumLeft
                0x0000000008000c48       0xac ./Core/Src/main.o
                0x0000000008000c48                shiftNumLeft
 .text.Error_Handler
                0x0000000008000cf4        0xa ./Core/Src/main.o
                0x0000000008000cf4                Error_Handler
 *fill*         0x0000000008000cfe        0x2 
 .text.timer_init
                0x0000000008000d00       0x14 ./Core/Src/software_timer.o
                0x0000000008000d00                timer_init
 .text.setTimer2
                0x0000000008000d14       0x38 ./Core/Src/software_timer.o
                0x0000000008000d14                setTimer2
 .text.HAL_TIM_PeriodElapsedCallback
                0x0000000008000d4c       0x54 ./Core/Src/software_timer.o
                0x0000000008000d4c                HAL_TIM_PeriodElapsedCallback
 .text.MX_SPI1_Init
                0x0000000008000da0       0x6c ./Core/Src/spi.o
                0x0000000008000da0                MX_SPI1_Init
 .text.HAL_SPI_MspInit
                0x0000000008000e0c       0x90 ./Core/Src/spi.o
                0x0000000008000e0c                HAL_SPI_MspInit
 .text.HAL_MspInit
                0x0000000008000e9c       0x50 ./Core/Src/stm32f4xx_hal_msp.o
                0x0000000008000e9c                HAL_MspInit
 .text.NMI_Handler
                0x0000000008000eec        0x6 ./Core/Src/stm32f4xx_it.o
                0x0000000008000eec                NMI_Handler
 .text.HardFault_Handler
                0x0000000008000ef2        0x6 ./Core/Src/stm32f4xx_it.o
                0x0000000008000ef2                HardFault_Handler
 .text.MemManage_Handler
                0x0000000008000ef8        0x6 ./Core/Src/stm32f4xx_it.o
                0x0000000008000ef8                MemManage_Handler
 .text.BusFault_Handler
                0x0000000008000efe        0x6 ./Core/Src/stm32f4xx_it.o
                0x0000000008000efe                BusFault_Handler
 .text.UsageFault_Handler
                0x0000000008000f04        0x6 ./Core/Src/stm32f4xx_it.o
                0x0000000008000f04                UsageFault_Handler
 .text.SVC_Handler
                0x0000000008000f0a        0xe ./Core/Src/stm32f4xx_it.o
                0x0000000008000f0a                SVC_Handler
 .text.DebugMon_Handler
                0x0000000008000f18        0xe ./Core/Src/stm32f4xx_it.o
                0x0000000008000f18                DebugMon_Handler
 .text.PendSV_Handler
                0x0000000008000f26        0xe ./Core/Src/stm32f4xx_it.o
                0x0000000008000f26                PendSV_Handler
 .text.SysTick_Handler
                0x0000000008000f34        0xc ./Core/Src/stm32f4xx_it.o
                0x0000000008000f34                SysTick_Handler
 .text.TIM2_IRQHandler
                0x0000000008000f40       0x14 ./Core/Src/stm32f4xx_it.o
                0x0000000008000f40                TIM2_IRQHandler
 .text.USART1_IRQHandler
                0x0000000008000f54       0x14 ./Core/Src/stm32f4xx_it.o
                0x0000000008000f54                USART1_IRQHandler
 .text.SystemInit
                0x0000000008000f68       0x24 ./Core/Src/system_stm32f4xx.o
                0x0000000008000f68                SystemInit
 .text.MX_TIM2_Init
                0x0000000008000f8c       0x98 ./Core/Src/tim.o
                0x0000000008000f8c                MX_TIM2_Init
 .text.HAL_TIM_Base_MspInit
                0x0000000008001024       0x4c ./Core/Src/tim.o
                0x0000000008001024                HAL_TIM_Base_MspInit
 .text.MX_USART1_UART_Init
                0x0000000008001070       0x54 ./Core/Src/usart.o
                0x0000000008001070                MX_USART1_UART_Init
 .text.HAL_UART_MspInit
                0x00000000080010c4       0xa0 ./Core/Src/usart.o
                0x00000000080010c4                HAL_UART_MspInit
 .text.Reset_Handler
                0x0000000008001164       0x50 ./Core/Startup/startup_stm32f407zetx.o
                0x0000000008001164                Reset_Handler
 .text.Default_Handler
                0x00000000080011b4        0x2 ./Core/Startup/startup_stm32f407zetx.o
                0x00000000080011b4                RTC_Alarm_IRQHandler
                0x00000000080011b4                HASH_RNG_IRQHandler
                0x00000000080011b4                EXTI2_IRQHandler
                0x00000000080011b4                TIM8_CC_IRQHandler
                0x00000000080011b4                TIM1_CC_IRQHandler
                0x00000000080011b4                DMA2_Stream5_IRQHandler
                0x00000000080011b4                DMA1_Stream5_IRQHandler
                0x00000000080011b4                PVD_IRQHandler
                0x00000000080011b4                SDIO_IRQHandler
                0x00000000080011b4                TAMP_STAMP_IRQHandler
                0x00000000080011b4                CAN2_RX1_IRQHandler
                0x00000000080011b4                EXTI3_IRQHandler
                0x00000000080011b4                TIM8_TRG_COM_TIM14_IRQHandler
                0x00000000080011b4                TIM1_UP_TIM10_IRQHandler
                0x00000000080011b4                TIM8_UP_TIM13_IRQHandler
                0x00000000080011b4                I2C3_ER_IRQHandler
                0x00000000080011b4                EXTI0_IRQHandler
                0x00000000080011b4                I2C2_EV_IRQHandler
                0x00000000080011b4                DMA1_Stream2_IRQHandler
                0x00000000080011b4                CAN1_RX0_IRQHandler
                0x00000000080011b4                FPU_IRQHandler
                0x00000000080011b4                OTG_HS_WKUP_IRQHandler
                0x00000000080011b4                CAN2_SCE_IRQHandler
                0x00000000080011b4                DMA2_Stream2_IRQHandler
                0x00000000080011b4                SPI1_IRQHandler
                0x00000000080011b4                TIM6_DAC_IRQHandler
                0x00000000080011b4                TIM1_BRK_TIM9_IRQHandler
                0x00000000080011b4                DCMI_IRQHandler
                0x00000000080011b4                CAN2_RX0_IRQHandler
                0x00000000080011b4                DMA2_Stream3_IRQHandler
                0x00000000080011b4                USART6_IRQHandler
                0x00000000080011b4                USART3_IRQHandler
                0x00000000080011b4                CAN1_RX1_IRQHandler
                0x00000000080011b4                UART5_IRQHandler
                0x00000000080011b4                DMA2_Stream0_IRQHandler
                0x00000000080011b4                TIM4_IRQHandler
                0x00000000080011b4                I2C1_EV_IRQHandler
                0x00000000080011b4                DMA1_Stream6_IRQHandler
                0x00000000080011b4                DMA1_Stream1_IRQHandler
                0x00000000080011b4                UART4_IRQHandler
                0x00000000080011b4                TIM3_IRQHandler
                0x00000000080011b4                RCC_IRQHandler
                0x00000000080011b4                TIM8_BRK_TIM12_IRQHandler
                0x00000000080011b4                Default_Handler
                0x00000000080011b4                EXTI15_10_IRQHandler
                0x00000000080011b4                ADC_IRQHandler
                0x00000000080011b4                DMA1_Stream7_IRQHandler
                0x00000000080011b4                TIM7_IRQHandler
                0x00000000080011b4                CAN2_TX_IRQHandler
                0x00000000080011b4                TIM5_IRQHandler
                0x00000000080011b4                DMA2_Stream7_IRQHandler
                0x00000000080011b4                I2C3_EV_IRQHandler
                0x00000000080011b4                EXTI9_5_IRQHandler
                0x00000000080011b4                RTC_WKUP_IRQHandler
                0x00000000080011b4                ETH_WKUP_IRQHandler
                0x00000000080011b4                SPI2_IRQHandler
                0x00000000080011b4                OTG_HS_EP1_IN_IRQHandler
                0x00000000080011b4                DMA1_Stream0_IRQHandler
                0x00000000080011b4                CAN1_TX_IRQHandler
                0x00000000080011b4                EXTI4_IRQHandler
                0x00000000080011b4                FSMC_IRQHandler
                0x00000000080011b4                ETH_IRQHandler
                0x00000000080011b4                OTG_HS_EP1_OUT_IRQHandler
                0x00000000080011b4                WWDG_IRQHandler
                0x00000000080011b4                OTG_FS_WKUP_IRQHandler
                0x00000000080011b4                TIM1_TRG_COM_TIM11_IRQHandler
                0x00000000080011b4                OTG_HS_IRQHandler
                0x00000000080011b4                EXTI1_IRQHandler
                0x00000000080011b4                USART2_IRQHandler
                0x00000000080011b4                I2C2_ER_IRQHandler
                0x00000000080011b4                DMA2_Stream1_IRQHandler
                0x00000000080011b4                CAN1_SCE_IRQHandler
                0x00000000080011b4                FLASH_IRQHandler
                0x00000000080011b4                DMA2_Stream4_IRQHandler
                0x00000000080011b4                OTG_FS_IRQHandler
                0x00000000080011b4                SPI3_IRQHandler
                0x00000000080011b4                DMA1_Stream4_IRQHandler
                0x00000000080011b4                I2C1_ER_IRQHandler
                0x00000000080011b4                DMA2_Stream6_IRQHandler
                0x00000000080011b4                DMA1_Stream3_IRQHandler
 *fill*         0x00000000080011b6        0x2 
 .text.HAL_Init
                0x00000000080011b8       0x44 ./Drivers/STM32F4xx_HAL_Driver/Src/stm32f4xx_hal.o
                0x00000000080011b8                HAL_Init
 .text.HAL_InitTick
                0x00000000080011fc       0x60 ./Drivers/STM32F4xx_HAL_Driver/Src/stm32f4xx_hal.o
                0x00000000080011fc                HAL_InitTick
 .text.HAL_IncTick
                0x000000000800125c       0x28 ./Drivers/STM32F4xx_HAL_Driver/Src/stm32f4xx_hal.o
                0x000000000800125c                HAL_IncTick
 .text.HAL_GetTick
                0x0000000008001284       0x18 ./Drivers/STM32F4xx_HAL_Driver/Src/stm32f4xx_hal.o
                0x0000000008001284                HAL_GetTick
 .text.__NVIC_SetPriorityGrouping
                0x000000000800129c       0x48 ./Drivers/STM32F4xx_HAL_Driver/Src/stm32f4xx_hal_cortex.o
 .text.__NVIC_GetPriorityGrouping
                0x00000000080012e4       0x1c ./Drivers/STM32F4xx_HAL_Driver/Src/stm32f4xx_hal_cortex.o
 .text.__NVIC_EnableIRQ
                0x0000000008001300       0x3c ./Drivers/STM32F4xx_HAL_Driver/Src/stm32f4xx_hal_cortex.o
 .text.__NVIC_SetPriority
                0x000000000800133c       0x54 ./Drivers/STM32F4xx_HAL_Driver/Src/stm32f4xx_hal_cortex.o
 .text.NVIC_EncodePriority
                0x0000000008001390       0x66 ./Drivers/STM32F4xx_HAL_Driver/Src/stm32f4xx_hal_cortex.o
 *fill*         0x00000000080013f6        0x2 
 .text.SysTick_Config
                0x00000000080013f8       0x44 ./Drivers/STM32F4xx_HAL_Driver/Src/stm32f4xx_hal_cortex.o
 .text.HAL_NVIC_SetPriorityGrouping
                0x000000000800143c       0x16 ./Drivers/STM32F4xx_HAL_Driver/Src/stm32f4xx_hal_cortex.o
                0x000000000800143c                HAL_NVIC_SetPriorityGrouping
 .text.HAL_NVIC_SetPriority
                0x0000000008001452       0x38 ./Drivers/STM32F4xx_HAL_Driver/Src/stm32f4xx_hal_cortex.o
                0x0000000008001452                HAL_NVIC_SetPriority
 .text.HAL_NVIC_EnableIRQ
                0x000000000800148a       0x1c ./Drivers/STM32F4xx_HAL_Driver/Src/stm32f4xx_hal_cortex.o
                0x000000000800148a                HAL_NVIC_EnableIRQ
 .text.HAL_SYSTICK_Config
                0x00000000080014a6       0x18 ./Drivers/STM32F4xx_HAL_Driver/Src/stm32f4xx_hal_cortex.o
                0x00000000080014a6                HAL_SYSTICK_Config
 .text.HAL_DMA_Abort
                0x00000000080014be       0xe0 ./Drivers/STM32F4xx_HAL_Driver/Src/stm32f4xx_hal_dma.o
                0x00000000080014be                HAL_DMA_Abort
 .text.HAL_DMA_Abort_IT
                0x000000000800159e       0x44 ./Drivers/STM32F4xx_HAL_Driver/Src/stm32f4xx_hal_dma.o
                0x000000000800159e                HAL_DMA_Abort_IT
 *fill*         0x00000000080015e2        0x2 
 .text.HAL_GPIO_Init
                0x00000000080015e4      0x338 ./Drivers/STM32F4xx_HAL_Driver/Src/stm32f4xx_hal_gpio.o
                0x00000000080015e4                HAL_GPIO_Init
 .text.HAL_GPIO_WritePin
                0x000000000800191c       0x32 ./Drivers/STM32F4xx_HAL_Driver/Src/stm32f4xx_hal_gpio.o
                0x000000000800191c                HAL_GPIO_WritePin
 *fill*         0x000000000800194e        0x2 
 .text.HAL_I2C_Init
                0x0000000008001950      0x288 ./Drivers/STM32F4xx_HAL_Driver/Src/stm32f4xx_hal_i2c.o
                0x0000000008001950                HAL_I2C_Init
 .text.HAL_RCC_OscConfig
                0x0000000008001bd8      0x4f0 ./Drivers/STM32F4xx_HAL_Driver/Src/stm32f4xx_hal_rcc.o
                0x0000000008001bd8                HAL_RCC_OscConfig
 .text.HAL_RCC_ClockConfig
                0x00000000080020c8      0x1cc ./Drivers/STM32F4xx_HAL_Driver/Src/stm32f4xx_hal_rcc.o
                0x00000000080020c8                HAL_RCC_ClockConfig
 .text.HAL_RCC_GetSysClockFreq
                0x0000000008002294      0x1c4 ./Drivers/STM32F4xx_HAL_Driver/Src/stm32f4xx_hal_rcc.o
                0x0000000008002294                HAL_RCC_GetSysClockFreq
 .text.HAL_RCC_GetHCLKFreq
                0x0000000008002458       0x18 ./Drivers/STM32F4xx_HAL_Driver/Src/stm32f4xx_hal_rcc.o
                0x0000000008002458                HAL_RCC_GetHCLKFreq
 .text.HAL_RCC_GetPCLK1Freq
                0x0000000008002470       0x28 ./Drivers/STM32F4xx_HAL_Driver/Src/stm32f4xx_hal_rcc.o
                0x0000000008002470                HAL_RCC_GetPCLK1Freq
 .text.HAL_RCC_GetPCLK2Freq
                0x0000000008002498       0x28 ./Drivers/STM32F4xx_HAL_Driver/Src/stm32f4xx_hal_rcc.o
                0x0000000008002498                HAL_RCC_GetPCLK2Freq
 .text.HAL_SPI_Init
                0x00000000080024c0      0x112 ./Drivers/STM32F4xx_HAL_Driver/Src/stm32f4xx_hal_spi.o
                0x00000000080024c0                HAL_SPI_Init
 .text.HAL_SPI_Transmit
                0x00000000080025d2      0x278 ./Drivers/STM32F4xx_HAL_Driver/Src/stm32f4xx_hal_spi.o
                0x00000000080025d2                HAL_SPI_Transmit
 *fill*         0x000000000800284a        0x2 
 .text.SPI_WaitFlagStateUntilTimeout
                0x000000000800284c      0x110 ./Drivers/STM32F4xx_HAL_Driver/Src/stm32f4xx_hal_spi.o
 .text.SPI_EndRxTxTransaction
                0x000000000800295c       0x84 ./Drivers/STM32F4xx_HAL_Driver/Src/stm32f4xx_hal_spi.o
 .text.HAL_SRAM_Init
                0x00000000080029e0       0x88 ./Drivers/STM32F4xx_HAL_Driver/Src/stm32f4xx_hal_sram.o
                0x00000000080029e0                HAL_SRAM_Init
 .text.HAL_TIM_Base_Init
                0x0000000008002a68       0x9e ./Drivers/STM32F4xx_HAL_Driver/Src/stm32f4xx_hal_tim.o
                0x0000000008002a68                HAL_TIM_Base_Init
 *fill*         0x0000000008002b06        0x2 
 .text.HAL_TIM_Base_Start_IT
                0x0000000008002b08       0xe0 ./Drivers/STM32F4xx_HAL_Driver/Src/stm32f4xx_hal_tim.o
                0x0000000008002b08                HAL_TIM_Base_Start_IT
 .text.HAL_TIM_IRQHandler
                0x0000000008002be8      0x210 ./Drivers/STM32F4xx_HAL_Driver/Src/stm32f4xx_hal_tim.o
                0x0000000008002be8                HAL_TIM_IRQHandler
 .text.HAL_TIM_ConfigClockSource
                0x0000000008002df8      0x18e ./Drivers/STM32F4xx_HAL_Driver/Src/stm32f4xx_hal_tim.o
                0x0000000008002df8                HAL_TIM_ConfigClockSource
 .text.HAL_TIM_OC_DelayElapsedCallback
                0x0000000008002f86       0x14 ./Drivers/STM32F4xx_HAL_Driver/Src/stm32f4xx_hal_tim.o
                0x0000000008002f86                HAL_TIM_OC_DelayElapsedCallback
 .text.HAL_TIM_IC_CaptureCallback
                0x0000000008002f9a       0x14 ./Drivers/STM32F4xx_HAL_Driver/Src/stm32f4xx_hal_tim.o
                0x0000000008002f9a                HAL_TIM_IC_CaptureCallback
 .text.HAL_TIM_PWM_PulseFinishedCallback
                0x0000000008002fae       0x14 ./Drivers/STM32F4xx_HAL_Driver/Src/stm32f4xx_hal_tim.o
                0x0000000008002fae                HAL_TIM_PWM_PulseFinishedCallback
 .text.HAL_TIM_TriggerCallback
                0x0000000008002fc2       0x14 ./Drivers/STM32F4xx_HAL_Driver/Src/stm32f4xx_hal_tim.o
                0x0000000008002fc2                HAL_TIM_TriggerCallback
 *fill*         0x0000000008002fd6        0x2 
 .text.TIM_Base_SetConfig
                0x0000000008002fd8      0x140 ./Drivers/STM32F4xx_HAL_Driver/Src/stm32f4xx_hal_tim.o
                0x0000000008002fd8                TIM_Base_SetConfig
 .text.TIM_TI1_ConfigInputStage
                0x0000000008003118       0x5e ./Drivers/STM32F4xx_HAL_Driver/Src/stm32f4xx_hal_tim.o
 .text.TIM_TI2_ConfigInputStage
                0x0000000008003176       0x60 ./Drivers/STM32F4xx_HAL_Driver/Src/stm32f4xx_hal_tim.o
 .text.TIM_ITRx_SetConfig
                0x00000000080031d6       0x36 ./Drivers/STM32F4xx_HAL_Driver/Src/stm32f4xx_hal_tim.o
 .text.TIM_ETR_SetConfig
                0x000000000800320c       0x40 ./Drivers/STM32F4xx_HAL_Driver/Src/stm32f4xx_hal_tim.o
                0x000000000800320c                TIM_ETR_SetConfig
 .text.HAL_TIMEx_MasterConfigSynchronization
                0x000000000800324c       0xf8 ./Drivers/STM32F4xx_HAL_Driver/Src/stm32f4xx_hal_tim_ex.o
                0x000000000800324c                HAL_TIMEx_MasterConfigSynchronization
 .text.HAL_TIMEx_CommutCallback
                0x0000000008003344       0x14 ./Drivers/STM32F4xx_HAL_Driver/Src/stm32f4xx_hal_tim_ex.o
                0x0000000008003344                HAL_TIMEx_CommutCallback
 .text.HAL_TIMEx_BreakCallback
                0x0000000008003358       0x14 ./Drivers/STM32F4xx_HAL_Driver/Src/stm32f4xx_hal_tim_ex.o
                0x0000000008003358                HAL_TIMEx_BreakCallback
 .text.HAL_UART_Init
                0x000000000800336c       0x9a ./Drivers/STM32F4xx_HAL_Driver/Src/stm32f4xx_hal_uart.o
                0x000000000800336c                HAL_UART_Init
 *fill*         0x0000000008003406        0x2 
 .text.HAL_UART_IRQHandler
                0x0000000008003408      0x51c ./Drivers/STM32F4xx_HAL_Driver/Src/stm32f4xx_hal_uart.o
                0x0000000008003408                HAL_UART_IRQHandler
 .text.HAL_UART_TxCpltCallback
                0x0000000008003924       0x14 ./Drivers/STM32F4xx_HAL_Driver/Src/stm32f4xx_hal_uart.o
                0x0000000008003924                HAL_UART_TxCpltCallback
 .text.HAL_UART_RxCpltCallback
                0x0000000008003938       0x14 ./Drivers/STM32F4xx_HAL_Driver/Src/stm32f4xx_hal_uart.o
                0x0000000008003938                HAL_UART_RxCpltCallback
 .text.HAL_UART_ErrorCallback
                0x000000000800394c       0x14 ./Drivers/STM32F4xx_HAL_Driver/Src/stm32f4xx_hal_uart.o
                0x000000000800394c                HAL_UART_ErrorCallback
 .text.HAL_UARTEx_RxEventCallback
                0x0000000008003960       0x18 ./Drivers/STM32F4xx_HAL_Driver/Src/stm32f4xx_hal_uart.o
                0x0000000008003960                HAL_UARTEx_RxEventCallback
 .text.UART_EndRxTransfer
                0x0000000008003978       0xc6 ./Drivers/STM32F4xx_HAL_Driver/Src/stm32f4xx_hal_uart.o
 .text.UART_DMAAbortOnError
                0x0000000008003a3e       0x28 ./Drivers/STM32F4xx_HAL_Driver/Src/stm32f4xx_hal_uart.o
 .text.UART_Transmit_IT
                0x0000000008003a66       0xa0 ./Drivers/STM32F4xx_HAL_Driver/Src/stm32f4xx_hal_uart.o
 .text.UART_EndTransmit_IT
                0x0000000008003b06       0x30 ./Drivers/STM32F4xx_HAL_Driver/Src/stm32f4xx_hal_uart.o
 .text.UART_Receive_IT
                0x0000000008003b36      0x176 ./Drivers/STM32F4xx_HAL_Driver/Src/stm32f4xx_hal_uart.o
 .text.UART_SetConfig
                0x0000000008003cac      0x390 ./Drivers/STM32F4xx_HAL_Driver/Src/stm32f4xx_hal_uart.o
 .text.FSMC_NORSRAM_Init
                0x000000000800403c       0xa4 ./Drivers/STM32F4xx_HAL_Driver/Src/stm32f4xx_ll_fsmc.o
                0x000000000800403c                FSMC_NORSRAM_Init
 .text.FSMC_NORSRAM_Timing_Init
                0x00000000080040e0       0x7a ./Drivers/STM32F4xx_HAL_Driver/Src/stm32f4xx_ll_fsmc.o
                0x00000000080040e0                FSMC_NORSRAM_Timing_Init
 *fill*         0x000000000800415a        0x2 
 .text.FSMC_NORSRAM_Extended_Timing_Init
                0x000000000800415c       0x80 ./Drivers/STM32F4xx_HAL_Driver/Src/stm32f4xx_ll_fsmc.o
                0x000000000800415c                FSMC_NORSRAM_Extended_Timing_Init
 .text.__libc_init_array
                0x00000000080041dc       0x48 c:/st/stm32cubeide_1.7.0/stm32cubeide/plugins/com.st.stm32cube.ide.mcu.externaltools.gnu-tools-for-stm32.9-2020-q2-update.win32_2.0.0.202105311346/tools/bin/../lib/gcc/arm-none-eabi/9.3.1/../../../../arm-none-eabi/lib/thumb/v7e-m+fp/hard\libc_nano.a(lib_a-init.o)
                0x00000000080041dc                __libc_init_array
 .text.memset   0x0000000008004224       0x10 c:/st/stm32cubeide_1.7.0/stm32cubeide/plugins/com.st.stm32cube.ide.mcu.externaltools.gnu-tools-for-stm32.9-2020-q2-update.win32_2.0.0.202105311346/tools/bin/../lib/gcc/arm-none-eabi/9.3.1/../../../../arm-none-eabi/lib/thumb/v7e-m+fp/hard\libc_nano.a(lib_a-memset.o)
                0x0000000008004224                memset
 *(.glue_7)
 .glue_7        0x0000000008004234        0x0 linker stubs
 *(.glue_7t)
 .glue_7t       0x0000000008004234        0x0 linker stubs
 *(.eh_frame)
 .eh_frame      0x0000000008004234        0x0 c:/st/stm32cubeide_1.7.0/stm32cubeide/plugins/com.st.stm32cube.ide.mcu.externaltools.gnu-tools-for-stm32.9-2020-q2-update.win32_2.0.0.202105311346/tools/bin/../lib/gcc/arm-none-eabi/9.3.1/thumb/v7e-m+fp/hard/crtbegin.o
 *(.init)
 .init          0x0000000008004234        0x4 c:/st/stm32cubeide_1.7.0/stm32cubeide/plugins/com.st.stm32cube.ide.mcu.externaltools.gnu-tools-for-stm32.9-2020-q2-update.win32_2.0.0.202105311346/tools/bin/../lib/gcc/arm-none-eabi/9.3.1/thumb/v7e-m+fp/hard/crti.o
                0x0000000008004234                _init
 .init          0x0000000008004238        0x8 c:/st/stm32cubeide_1.7.0/stm32cubeide/plugins/com.st.stm32cube.ide.mcu.externaltools.gnu-tools-for-stm32.9-2020-q2-update.win32_2.0.0.202105311346/tools/bin/../lib/gcc/arm-none-eabi/9.3.1/thumb/v7e-m+fp/hard/crtn.o
 *(.fini)
 .fini          0x0000000008004240        0x4 c:/st/stm32cubeide_1.7.0/stm32cubeide/plugins/com.st.stm32cube.ide.mcu.externaltools.gnu-tools-for-stm32.9-2020-q2-update.win32_2.0.0.202105311346/tools/bin/../lib/gcc/arm-none-eabi/9.3.1/thumb/v7e-m+fp/hard/crti.o
                0x0000000008004240                _fini
 .fini          0x0000000008004244        0x8 c:/st/stm32cubeide_1.7.0/stm32cubeide/plugins/com.st.stm32cube.ide.mcu.externaltools.gnu-tools-for-stm32.9-2020-q2-update.win32_2.0.0.202105311346/tools/bin/../lib/gcc/arm-none-eabi/9.3.1/thumb/v7e-m+fp/hard/crtn.o
                0x000000000800424c                . = ALIGN (0x4)
                0x000000000800424c                _etext = .

.vfp11_veneer   0x000000000800424c        0x0
 .vfp11_veneer  0x000000000800424c        0x0 linker stubs

.v4_bx          0x000000000800424c        0x0
 .v4_bx         0x000000000800424c        0x0 linker stubs

.iplt           0x000000000800424c        0x0
 .iplt          0x000000000800424c        0x0 c:/st/stm32cubeide_1.7.0/stm32cubeide/plugins/com.st.stm32cube.ide.mcu.externaltools.gnu-tools-for-stm32.9-2020-q2-update.win32_2.0.0.202105311346/tools/bin/../lib/gcc/arm-none-eabi/9.3.1/thumb/v7e-m+fp/hard/crtbegin.o

.rodata         0x000000000800424c       0x18
                0x000000000800424c                . = ALIGN (0x4)
 *(.rodata)
 *(.rodata*)
 .rodata.AHBPrescTable
                0x000000000800424c       0x10 ./Core/Src/system_stm32f4xx.o
                0x000000000800424c                AHBPrescTable
 .rodata.APBPrescTable
                0x000000000800425c        0x8 ./Core/Src/system_stm32f4xx.o
                0x000000000800425c                APBPrescTable
                0x0000000008004264                . = ALIGN (0x4)

.ARM.extab      0x0000000008004264        0x0
                0x0000000008004264                . = ALIGN (0x4)
 *(.ARM.extab* .gnu.linkonce.armextab.*)
                0x0000000008004264                . = ALIGN (0x4)

.ARM            0x0000000008004264        0x8
                0x0000000008004264                . = ALIGN (0x4)
                0x0000000008004264                __exidx_start = .
 *(.ARM.exidx*)
 .ARM.exidx     0x0000000008004264        0x8 c:/st/stm32cubeide_1.7.0/stm32cubeide/plugins/com.st.stm32cube.ide.mcu.externaltools.gnu-tools-for-stm32.9-2020-q2-update.win32_2.0.0.202105311346/tools/bin/../lib/gcc/arm-none-eabi/9.3.1/thumb/v7e-m+fp/hard\libgcc.a(_udivmoddi4.o)
                0x000000000800426c                __exidx_end = .
                0x000000000800426c                . = ALIGN (0x4)

.rel.dyn        0x000000000800426c        0x0
 .rel.iplt      0x000000000800426c        0x0 c:/st/stm32cubeide_1.7.0/stm32cubeide/plugins/com.st.stm32cube.ide.mcu.externaltools.gnu-tools-for-stm32.9-2020-q2-update.win32_2.0.0.202105311346/tools/bin/../lib/gcc/arm-none-eabi/9.3.1/thumb/v7e-m+fp/hard/crtbegin.o

.preinit_array  0x000000000800426c        0x0
                0x000000000800426c                . = ALIGN (0x4)
                0x000000000800426c                PROVIDE (__preinit_array_start = .)
 *(.preinit_array*)
                0x000000000800426c                PROVIDE (__preinit_array_end = .)
                0x000000000800426c                . = ALIGN (0x4)

.init_array     0x000000000800426c        0x4
                0x000000000800426c                . = ALIGN (0x4)
                0x000000000800426c                PROVIDE (__init_array_start = .)
 *(SORT_BY_NAME(.init_array.*))
 *(.init_array*)
 .init_array    0x000000000800426c        0x4 c:/st/stm32cubeide_1.7.0/stm32cubeide/plugins/com.st.stm32cube.ide.mcu.externaltools.gnu-tools-for-stm32.9-2020-q2-update.win32_2.0.0.202105311346/tools/bin/../lib/gcc/arm-none-eabi/9.3.1/thumb/v7e-m+fp/hard/crtbegin.o
                0x0000000008004270                PROVIDE (__init_array_end = .)
                0x0000000008004270                . = ALIGN (0x4)

.fini_array     0x0000000008004270        0x4
                0x0000000008004270                . = ALIGN (0x4)
                [!provide]                        PROVIDE (__fini_array_start = .)
 *(SORT_BY_NAME(.fini_array.*))
 *(.fini_array*)
 .fini_array    0x0000000008004270        0x4 c:/st/stm32cubeide_1.7.0/stm32cubeide/plugins/com.st.stm32cube.ide.mcu.externaltools.gnu-tools-for-stm32.9-2020-q2-update.win32_2.0.0.202105311346/tools/bin/../lib/gcc/arm-none-eabi/9.3.1/thumb/v7e-m+fp/hard/crtbegin.o
                [!provide]                        PROVIDE (__fini_array_end = .)
                0x0000000008004274                . = ALIGN (0x4)
                0x0000000008004274                _sidata = LOADADDR (.data)

.data           0x0000000020000000       0x20 load address 0x0000000008004274
                0x0000000020000000                . = ALIGN (0x4)
                0x0000000020000000                _sdata = .
 *(.data)
 *(.data*)
 .data.led7seg  0x0000000020000000        0x4 ./Core/Src/led_7seg.o
                0x0000000020000000                led7seg
 .data.arrayOfNum
                0x0000000020000004        0xa ./Core/Src/led_7seg.o
                0x0000000020000004                arrayOfNum
 .data.spi_buffer
                0x000000002000000e        0x2 ./Core/Src/led_7seg.o
                0x000000002000000e                spi_buffer
 .data.a        0x0000000020000010        0x1 ./Core/Src/main.o
                0x0000000020000010                a
 .data.b        0x0000000020000011        0x1 ./Core/Src/main.o
                0x0000000020000011                b
 .data.c        0x0000000020000012        0x1 ./Core/Src/main.o
                0x0000000020000012                c
 .data.d        0x0000000020000013        0x1 ./Core/Src/main.o
                0x0000000020000013                d
 .data.SystemCoreClock
                0x0000000020000014        0x4 ./Core/Src/system_stm32f4xx.o
                0x0000000020000014                SystemCoreClock
 .data.uwTickPrio
                0x0000000020000018        0x4 ./Drivers/STM32F4xx_HAL_Driver/Src/stm32f4xx_hal.o
                0x0000000020000018                uwTickPrio
 .data.uwTickFreq
                0x000000002000001c        0x1 ./Drivers/STM32F4xx_HAL_Driver/Src/stm32f4xx_hal.o
                0x000000002000001c                uwTickFreq
 *(.RamFunc)
 *(.RamFunc*)
                0x0000000020000020                . = ALIGN (0x4)
 *fill*         0x000000002000001d        0x3 
                0x0000000020000020                _edata = .
                0x0000000008004294                _siccmram = LOADADDR (.ccmram)

.igot.plt       0x0000000020000020        0x0 load address 0x0000000008004294
 .igot.plt      0x0000000020000020        0x0 c:/st/stm32cubeide_1.7.0/stm32cubeide/plugins/com.st.stm32cube.ide.mcu.externaltools.gnu-tools-for-stm32.9-2020-q2-update.win32_2.0.0.202105311346/tools/bin/../lib/gcc/arm-none-eabi/9.3.1/thumb/v7e-m+fp/hard/crtbegin.o

.ccmram         0x0000000010000000        0x0 load address 0x0000000008004294
                0x0000000010000000                . = ALIGN (0x4)
                0x0000000010000000                _sccmram = .
 *(.ccmram)
 *(.ccmram*)
                0x0000000010000000                . = ALIGN (0x4)
                0x0000000010000000                _eccmram = .
                0x0000000010000000                . = ALIGN (0x4)

.bss            0x0000000020000020      0x1b8
                0x0000000020000020                _sbss = .
                0x0000000020000020                __bss_start__ = _sbss
 *(.bss)
 .bss           0x0000000020000020       0x1c c:/st/stm32cubeide_1.7.0/stm32cubeide/plugins/com.st.stm32cube.ide.mcu.externaltools.gnu-tools-for-stm32.9-2020-q2-update.win32_2.0.0.202105311346/tools/bin/../lib/gcc/arm-none-eabi/9.3.1/thumb/v7e-m+fp/hard/crtbegin.o
 *(.bss*)
 .bss.FSMC_Initialized
                0x000000002000003c        0x4 ./Core/Src/fsmc.o
 .bss.led7_index
                0x0000000020000040        0x2 ./Core/Src/led_7seg.o
                0x0000000020000040                led7_index
 .bss.count     0x0000000020000042        0x1 ./Core/Src/main.o
                0x0000000020000042                count
 *fill*         0x0000000020000043        0x1 
 .bss.flag_timer2
                0x0000000020000044        0x2 ./Core/Src/software_timer.o
                0x0000000020000044                flag_timer2
 .bss.timer2_counter
                0x0000000020000046        0x2 ./Core/Src/software_timer.o
                0x0000000020000046                timer2_counter
 .bss.timer2_MUL
                0x0000000020000048        0x2 ./Core/Src/software_timer.o
                0x0000000020000048                timer2_MUL
 *(COMMON)
 *fill*         0x000000002000004a        0x2 
 COMMON         0x000000002000004c       0x50 ./Core/Src/fsmc.o
                0x000000002000004c                hsram1
 COMMON         0x000000002000009c       0x54 ./Core/Src/i2c.o
                0x000000002000009c                hi2c1
 COMMON         0x00000000200000f0       0x58 ./Core/Src/spi.o
                0x00000000200000f0                hspi1
 COMMON         0x0000000020000148       0x48 ./Core/Src/tim.o
                0x0000000020000148                htim2
 COMMON         0x0000000020000190       0x44 ./Core/Src/usart.o
                0x0000000020000190                huart1
 COMMON         0x00000000200001d4        0x4 ./Drivers/STM32F4xx_HAL_Driver/Src/stm32f4xx_hal.o
                0x00000000200001d4                uwTick
                0x00000000200001d8                . = ALIGN (0x4)
                0x00000000200001d8                _ebss = .
                0x00000000200001d8                __bss_end__ = _ebss

._user_heap_stack
                0x00000000200001d8      0x600
                0x00000000200001d8                . = ALIGN (0x8)
                [!provide]                        PROVIDE (end = .)
                0x00000000200001d8                PROVIDE (_end = .)
                0x00000000200003d8                . = (. + _Min_Heap_Size)
 *fill*         0x00000000200001d8      0x200 
                0x00000000200007d8                . = (. + _Min_Stack_Size)
 *fill*         0x00000000200003d8      0x400 
                0x00000000200007d8                . = ALIGN (0x8)

/DISCARD/
 libc.a(*)
 libm.a(*)
 libgcc.a(*)

.ARM.attributes
                0x0000000000000000       0x30
 *(.ARM.attributes)
 .ARM.attributes
                0x0000000000000000       0x1e c:/st/stm32cubeide_1.7.0/stm32cubeide/plugins/com.st.stm32cube.ide.mcu.externaltools.gnu-tools-for-stm32.9-2020-q2-update.win32_2.0.0.202105311346/tools/bin/../lib/gcc/arm-none-eabi/9.3.1/thumb/v7e-m+fp/hard/crti.o
 .ARM.attributes
                0x000000000000001e       0x34 c:/st/stm32cubeide_1.7.0/stm32cubeide/plugins/com.st.stm32cube.ide.mcu.externaltools.gnu-tools-for-stm32.9-2020-q2-update.win32_2.0.0.202105311346/tools/bin/../lib/gcc/arm-none-eabi/9.3.1/thumb/v7e-m+fp/hard/crtbegin.o
 .ARM.attributes
                0x0000000000000052       0x34 ./Core/Src/fsmc.o
 .ARM.attributes
                0x0000000000000086       0x34 ./Core/Src/gpio.o
 .ARM.attributes
                0x00000000000000ba       0x34 ./Core/Src/i2c.o
 .ARM.attributes
                0x00000000000000ee       0x34 ./Core/Src/led_7seg.o
 .ARM.attributes
                0x0000000000000122       0x34 ./Core/Src/main.o
 .ARM.attributes
                0x0000000000000156       0x34 ./Core/Src/software_timer.o
 .ARM.attributes
                0x000000000000018a       0x34 ./Core/Src/spi.o
 .ARM.attributes
                0x00000000000001be       0x34 ./Core/Src/stm32f4xx_hal_msp.o
 .ARM.attributes
                0x00000000000001f2       0x34 ./Core/Src/stm32f4xx_it.o
 .ARM.attributes
                0x0000000000000226       0x34 ./Core/Src/system_stm32f4xx.o
 .ARM.attributes
                0x000000000000025a       0x34 ./Core/Src/tim.o
 .ARM.attributes
                0x000000000000028e       0x34 ./Core/Src/usart.o
 .ARM.attributes
                0x00000000000002c2       0x21 ./Core/Startup/startup_stm32f407zetx.o
 .ARM.attributes
                0x00000000000002e3       0x34 ./Drivers/STM32F4xx_HAL_Driver/Src/stm32f4xx_hal.o
 .ARM.attributes
                0x0000000000000317       0x34 ./Drivers/STM32F4xx_HAL_Driver/Src/stm32f4xx_hal_cortex.o
 .ARM.attributes
                0x000000000000034b       0x34 ./Drivers/STM32F4xx_HAL_Driver/Src/stm32f4xx_hal_dma.o
 .ARM.attributes
                0x000000000000037f       0x34 ./Drivers/STM32F4xx_HAL_Driver/Src/stm32f4xx_hal_gpio.o
 .ARM.attributes
                0x00000000000003b3       0x34 ./Drivers/STM32F4xx_HAL_Driver/Src/stm32f4xx_hal_i2c.o
 .ARM.attributes
                0x00000000000003e7       0x34 ./Drivers/STM32F4xx_HAL_Driver/Src/stm32f4xx_hal_rcc.o
 .ARM.attributes
                0x000000000000041b       0x34 ./Drivers/STM32F4xx_HAL_Driver/Src/stm32f4xx_hal_spi.o
 .ARM.attributes
                0x000000000000044f       0x34 ./Drivers/STM32F4xx_HAL_Driver/Src/stm32f4xx_hal_sram.o
 .ARM.attributes
                0x0000000000000483       0x34 ./Drivers/STM32F4xx_HAL_Driver/Src/stm32f4xx_hal_tim.o
 .ARM.attributes
                0x00000000000004b7       0x34 ./Drivers/STM32F4xx_HAL_Driver/Src/stm32f4xx_hal_tim_ex.o
 .ARM.attributes
                0x00000000000004eb       0x34 ./Drivers/STM32F4xx_HAL_Driver/Src/stm32f4xx_hal_uart.o
 .ARM.attributes
                0x000000000000051f       0x34 ./Drivers/STM32F4xx_HAL_Driver/Src/stm32f4xx_ll_fsmc.o
 .ARM.attributes
                0x0000000000000553       0x34 c:/st/stm32cubeide_1.7.0/stm32cubeide/plugins/com.st.stm32cube.ide.mcu.externaltools.gnu-tools-for-stm32.9-2020-q2-update.win32_2.0.0.202105311346/tools/bin/../lib/gcc/arm-none-eabi/9.3.1/../../../../arm-none-eabi/lib/thumb/v7e-m+fp/hard\libc_nano.a(lib_a-init.o)
 .ARM.attributes
                0x0000000000000587       0x34 c:/st/stm32cubeide_1.7.0/stm32cubeide/plugins/com.st.stm32cube.ide.mcu.externaltools.gnu-tools-for-stm32.9-2020-q2-update.win32_2.0.0.202105311346/tools/bin/../lib/gcc/arm-none-eabi/9.3.1/../../../../arm-none-eabi/lib/thumb/v7e-m+fp/hard\libc_nano.a(lib_a-memset.o)
 .ARM.attributes
                0x00000000000005bb       0x1e c:/st/stm32cubeide_1.7.0/stm32cubeide/plugins/com.st.stm32cube.ide.mcu.externaltools.gnu-tools-for-stm32.9-2020-q2-update.win32_2.0.0.202105311346/tools/bin/../lib/gcc/arm-none-eabi/9.3.1/thumb/v7e-m+fp/hard\libgcc.a(_aeabi_uldivmod.o)
 .ARM.attributes
                0x00000000000005d9       0x34 c:/st/stm32cubeide_1.7.0/stm32cubeide/plugins/com.st.stm32cube.ide.mcu.externaltools.gnu-tools-for-stm32.9-2020-q2-update.win32_2.0.0.202105311346/tools/bin/../lib/gcc/arm-none-eabi/9.3.1/thumb/v7e-m+fp/hard\libgcc.a(_udivmoddi4.o)
 .ARM.attributes
                0x000000000000060d       0x1e c:/st/stm32cubeide_1.7.0/stm32cubeide/plugins/com.st.stm32cube.ide.mcu.externaltools.gnu-tools-for-stm32.9-2020-q2-update.win32_2.0.0.202105311346/tools/bin/../lib/gcc/arm-none-eabi/9.3.1/thumb/v7e-m+fp/hard\libgcc.a(_dvmd_tls.o)
 .ARM.attributes
                0x000000000000062b       0x1e c:/st/stm32cubeide_1.7.0/stm32cubeide/plugins/com.st.stm32cube.ide.mcu.externaltools.gnu-tools-for-stm32.9-2020-q2-update.win32_2.0.0.202105311346/tools/bin/../lib/gcc/arm-none-eabi/9.3.1/thumb/v7e-m+fp/hard/crtn.o
OUTPUT(LAB2_TIMER_Excercise5.elf elf32-littlearm)
LOAD linker stubs
LOAD c:/st/stm32cubeide_1.7.0/stm32cubeide/plugins/com.st.stm32cube.ide.mcu.externaltools.gnu-tools-for-stm32.9-2020-q2-update.win32_2.0.0.202105311346/tools/bin/../lib/gcc/arm-none-eabi/9.3.1/../../../../arm-none-eabi/lib/thumb/v7e-m+fp/hard\libc.a
LOAD c:/st/stm32cubeide_1.7.0/stm32cubeide/plugins/com.st.stm32cube.ide.mcu.externaltools.gnu-tools-for-stm32.9-2020-q2-update.win32_2.0.0.202105311346/tools/bin/../lib/gcc/arm-none-eabi/9.3.1/../../../../arm-none-eabi/lib/thumb/v7e-m+fp/hard\libm.a
LOAD c:/st/stm32cubeide_1.7.0/stm32cubeide/plugins/com.st.stm32cube.ide.mcu.externaltools.gnu-tools-for-stm32.9-2020-q2-update.win32_2.0.0.202105311346/tools/bin/../lib/gcc/arm-none-eabi/9.3.1/thumb/v7e-m+fp/hard\libgcc.a

.debug_info     0x0000000000000000    0x177de
 .debug_info    0x0000000000000000      0xa96 ./Core/Src/fsmc.o
 .debug_info    0x0000000000000a96      0x569 ./Core/Src/gpio.o
 .debug_info    0x0000000000000fff      0xa7d ./Core/Src/i2c.o
 .debug_info    0x0000000000001a7c      0x89c ./Core/Src/led_7seg.o
 .debug_info    0x0000000000002318     0x1650 ./Core/Src/main.o
 .debug_info    0x0000000000003968      0xaa1 ./Core/Src/software_timer.o
 .debug_info    0x0000000000004409      0xa5a ./Core/Src/spi.o
 .debug_info    0x0000000000004e63      0x394 ./Core/Src/stm32f4xx_hal_msp.o
 .debug_info    0x00000000000051f7      0xa6f ./Core/Src/stm32f4xx_it.o
 .debug_info    0x0000000000005c66      0x5a4 ./Core/Src/system_stm32f4xx.o
 .debug_info    0x000000000000620a      0xc88 ./Core/Src/tim.o
 .debug_info    0x0000000000006e92      0xc29 ./Core/Src/usart.o
 .debug_info    0x0000000000007abb       0x22 ./Core/Startup/startup_stm32f407zetx.o
 .debug_info    0x0000000000007add      0x9b2 ./Drivers/STM32F4xx_HAL_Driver/Src/stm32f4xx_hal.o
 .debug_info    0x000000000000848f      0xed7 ./Drivers/STM32F4xx_HAL_Driver/Src/stm32f4xx_hal_cortex.o
 .debug_info    0x0000000000009366      0x9f1 ./Drivers/STM32F4xx_HAL_Driver/Src/stm32f4xx_hal_dma.o
 .debug_info    0x0000000000009d57      0x83e ./Drivers/STM32F4xx_HAL_Driver/Src/stm32f4xx_hal_gpio.o
 .debug_info    0x000000000000a595     0x264d ./Drivers/STM32F4xx_HAL_Driver/Src/stm32f4xx_hal_i2c.o
 .debug_info    0x000000000000cbe2      0x996 ./Drivers/STM32F4xx_HAL_Driver/Src/stm32f4xx_hal_rcc.o
 .debug_info    0x000000000000d578     0x17c0 ./Drivers/STM32F4xx_HAL_Driver/Src/stm32f4xx_hal_spi.o
 .debug_info    0x000000000000ed38      0xbab ./Drivers/STM32F4xx_HAL_Driver/Src/stm32f4xx_hal_sram.o
 .debug_info    0x000000000000f8e3     0x2c22 ./Drivers/STM32F4xx_HAL_Driver/Src/stm32f4xx_hal_tim.o
 .debug_info    0x0000000000012505     0x15a2 ./Drivers/STM32F4xx_HAL_Driver/Src/stm32f4xx_hal_tim_ex.o
 .debug_info    0x0000000000013aa7     0x31de ./Drivers/STM32F4xx_HAL_Driver/Src/stm32f4xx_hal_uart.o
 .debug_info    0x0000000000016c85      0xb59 ./Drivers/STM32F4xx_HAL_Driver/Src/stm32f4xx_ll_fsmc.o

.debug_abbrev   0x0000000000000000     0x2ffd
 .debug_abbrev  0x0000000000000000      0x1e2 ./Core/Src/fsmc.o
 .debug_abbrev  0x00000000000001e2      0x14e ./Core/Src/gpio.o
 .debug_abbrev  0x0000000000000330      0x1bb ./Core/Src/i2c.o
 .debug_abbrev  0x00000000000004eb      0x1a9 ./Core/Src/led_7seg.o
 .debug_abbrev  0x0000000000000694      0x246 ./Core/Src/main.o
 .debug_abbrev  0x00000000000008da      0x1d6 ./Core/Src/software_timer.o
 .debug_abbrev  0x0000000000000ab0      0x1bb ./Core/Src/spi.o
 .debug_abbrev  0x0000000000000c6b      0x11d ./Core/Src/stm32f4xx_hal_msp.o
 .debug_abbrev  0x0000000000000d88      0x176 ./Core/Src/stm32f4xx_it.o
 .debug_abbrev  0x0000000000000efe      0x145 ./Core/Src/system_stm32f4xx.o
 .debug_abbrev  0x0000000000001043      0x1bb ./Core/Src/tim.o
 .debug_abbrev  0x00000000000011fe      0x1c4 ./Core/Src/usart.o
 .debug_abbrev  0x00000000000013c2       0x12 ./Core/Startup/startup_stm32f407zetx.o
 .debug_abbrev  0x00000000000013d4      0x1ed ./Drivers/STM32F4xx_HAL_Driver/Src/stm32f4xx_hal.o
 .debug_abbrev  0x00000000000015c1      0x33c ./Drivers/STM32F4xx_HAL_Driver/Src/stm32f4xx_hal_cortex.o
 .debug_abbrev  0x00000000000018fd      0x259 ./Drivers/STM32F4xx_HAL_Driver/Src/stm32f4xx_hal_dma.o
 .debug_abbrev  0x0000000000001b56      0x1f1 ./Drivers/STM32F4xx_HAL_Driver/Src/stm32f4xx_hal_gpio.o
 .debug_abbrev  0x0000000000001d47      0x282 ./Drivers/STM32F4xx_HAL_Driver/Src/stm32f4xx_hal_i2c.o
 .debug_abbrev  0x0000000000001fc9      0x275 ./Drivers/STM32F4xx_HAL_Driver/Src/stm32f4xx_hal_rcc.o
 .debug_abbrev  0x000000000000223e      0x26e ./Drivers/STM32F4xx_HAL_Driver/Src/stm32f4xx_hal_spi.o
 .debug_abbrev  0x00000000000024ac      0x1f4 ./Drivers/STM32F4xx_HAL_Driver/Src/stm32f4xx_hal_sram.o
 .debug_abbrev  0x00000000000026a0      0x25e ./Drivers/STM32F4xx_HAL_Driver/Src/stm32f4xx_hal_tim.o
 .debug_abbrev  0x00000000000028fe      0x266 ./Drivers/STM32F4xx_HAL_Driver/Src/stm32f4xx_hal_tim_ex.o
 .debug_abbrev  0x0000000000002b64      0x2eb ./Drivers/STM32F4xx_HAL_Driver/Src/stm32f4xx_hal_uart.o
 .debug_abbrev  0x0000000000002e4f      0x1ae ./Drivers/STM32F4xx_HAL_Driver/Src/stm32f4xx_ll_fsmc.o

.debug_aranges  0x0000000000000000     0x1320
 .debug_aranges
                0x0000000000000000       0x40 ./Core/Src/fsmc.o
 .debug_aranges
                0x0000000000000040       0x20 ./Core/Src/gpio.o
 .debug_aranges
                0x0000000000000060       0x30 ./Core/Src/i2c.o
 .debug_aranges
                0x0000000000000090       0x48 ./Core/Src/led_7seg.o
 .debug_aranges
                0x00000000000000d8       0x40 ./Core/Src/main.o
 .debug_aranges
                0x0000000000000118       0x30 ./Core/Src/software_timer.o
 .debug_aranges
                0x0000000000000148       0x30 ./Core/Src/spi.o
 .debug_aranges
                0x0000000000000178       0x20 ./Core/Src/stm32f4xx_hal_msp.o
 .debug_aranges
                0x0000000000000198       0x70 ./Core/Src/stm32f4xx_it.o
 .debug_aranges
                0x0000000000000208       0x28 ./Core/Src/system_stm32f4xx.o
 .debug_aranges
                0x0000000000000230       0x30 ./Core/Src/tim.o
 .debug_aranges
                0x0000000000000260       0x30 ./Core/Src/usart.o
 .debug_aranges
                0x0000000000000290       0x28 ./Core/Startup/startup_stm32f407zetx.o
 .debug_aranges
                0x00000000000002b8       0xf0 ./Drivers/STM32F4xx_HAL_Driver/Src/stm32f4xx_hal.o
 .debug_aranges
                0x00000000000003a8      0x118 ./Drivers/STM32F4xx_HAL_Driver/Src/stm32f4xx_hal_cortex.o
 .debug_aranges
                0x00000000000004c0       0x90 ./Drivers/STM32F4xx_HAL_Driver/Src/stm32f4xx_hal_dma.o
 .debug_aranges
                0x0000000000000550       0x58 ./Drivers/STM32F4xx_HAL_Driver/Src/stm32f4xx_hal_gpio.o
 .debug_aranges
                0x00000000000005a8      0x2a0 ./Drivers/STM32F4xx_HAL_Driver/Src/stm32f4xx_hal_i2c.o
 .debug_aranges
                0x0000000000000848       0x88 ./Drivers/STM32F4xx_HAL_Driver/Src/stm32f4xx_hal_rcc.o
 .debug_aranges
                0x00000000000008d0      0x1d0 ./Drivers/STM32F4xx_HAL_Driver/Src/stm32f4xx_hal_spi.o
 .debug_aranges
                0x0000000000000aa0       0xa0 ./Drivers/STM32F4xx_HAL_Driver/Src/stm32f4xx_hal_sram.o
 .debug_aranges
                0x0000000000000b40      0x3d0 ./Drivers/STM32F4xx_HAL_Driver/Src/stm32f4xx_hal_tim.o
 .debug_aranges
                0x0000000000000f10      0x168 ./Drivers/STM32F4xx_HAL_Driver/Src/stm32f4xx_hal_tim_ex.o
 .debug_aranges
                0x0000000000001078      0x200 ./Drivers/STM32F4xx_HAL_Driver/Src/stm32f4xx_hal_uart.o
 .debug_aranges
                0x0000000000001278       0xa8 ./Drivers/STM32F4xx_HAL_Driver/Src/stm32f4xx_ll_fsmc.o

.debug_ranges   0x0000000000000000     0x11f0
 .debug_ranges  0x0000000000000000       0x30 ./Core/Src/fsmc.o
 .debug_ranges  0x0000000000000030       0x10 ./Core/Src/gpio.o
 .debug_ranges  0x0000000000000040       0x20 ./Core/Src/i2c.o
 .debug_ranges  0x0000000000000060       0x38 ./Core/Src/led_7seg.o
 .debug_ranges  0x0000000000000098       0x30 ./Core/Src/main.o
 .debug_ranges  0x00000000000000c8       0x20 ./Core/Src/software_timer.o
 .debug_ranges  0x00000000000000e8       0x20 ./Core/Src/spi.o
 .debug_ranges  0x0000000000000108       0x10 ./Core/Src/stm32f4xx_hal_msp.o
 .debug_ranges  0x0000000000000118       0x60 ./Core/Src/stm32f4xx_it.o
 .debug_ranges  0x0000000000000178       0x18 ./Core/Src/system_stm32f4xx.o
 .debug_ranges  0x0000000000000190       0x20 ./Core/Src/tim.o
 .debug_ranges  0x00000000000001b0       0x20 ./Core/Src/usart.o
 .debug_ranges  0x00000000000001d0       0x20 ./Core/Startup/startup_stm32f407zetx.o
 .debug_ranges  0x00000000000001f0       0xe0 ./Drivers/STM32F4xx_HAL_Driver/Src/stm32f4xx_hal.o
 .debug_ranges  0x00000000000002d0      0x108 ./Drivers/STM32F4xx_HAL_Driver/Src/stm32f4xx_hal_cortex.o
 .debug_ranges  0x00000000000003d8       0x80 ./Drivers/STM32F4xx_HAL_Driver/Src/stm32f4xx_hal_dma.o
 .debug_ranges  0x0000000000000458       0x48 ./Drivers/STM32F4xx_HAL_Driver/Src/stm32f4xx_hal_gpio.o
 .debug_ranges  0x00000000000004a0      0x2b8 ./Drivers/STM32F4xx_HAL_Driver/Src/stm32f4xx_hal_i2c.o
 .debug_ranges  0x0000000000000758       0x78 ./Drivers/STM32F4xx_HAL_Driver/Src/stm32f4xx_hal_rcc.o
 .debug_ranges  0x00000000000007d0      0x1c0 ./Drivers/STM32F4xx_HAL_Driver/Src/stm32f4xx_hal_spi.o
 .debug_ranges  0x0000000000000990       0x90 ./Drivers/STM32F4xx_HAL_Driver/Src/stm32f4xx_hal_sram.o
 .debug_ranges  0x0000000000000a20      0x3c0 ./Drivers/STM32F4xx_HAL_Driver/Src/stm32f4xx_hal_tim.o
 .debug_ranges  0x0000000000000de0      0x158 ./Drivers/STM32F4xx_HAL_Driver/Src/stm32f4xx_hal_tim_ex.o
 .debug_ranges  0x0000000000000f38      0x220 ./Drivers/STM32F4xx_HAL_Driver/Src/stm32f4xx_hal_uart.o
 .debug_ranges  0x0000000000001158       0x98 ./Drivers/STM32F4xx_HAL_Driver/Src/stm32f4xx_ll_fsmc.o

.debug_macro    0x0000000000000000    0x228f8
 .debug_macro   0x0000000000000000      0x226 ./Core/Src/fsmc.o
 .debug_macro   0x0000000000000226      0xaa8 ./Core/Src/fsmc.o
 .debug_macro   0x0000000000000cce      0x2ad ./Core/Src/fsmc.o
 .debug_macro   0x0000000000000f7b       0x2e ./Core/Src/fsmc.o
 .debug_macro   0x0000000000000fa9       0x2f ./Core/Src/fsmc.o
 .debug_macro   0x0000000000000fd8       0x22 ./Core/Src/fsmc.o
 .debug_macro   0x0000000000000ffa       0x8e ./Core/Src/fsmc.o
 .debug_macro   0x0000000000001088       0x51 ./Core/Src/fsmc.o
 .debug_macro   0x00000000000010d9      0x103 ./Core/Src/fsmc.o
 .debug_macro   0x00000000000011dc       0x6a ./Core/Src/fsmc.o
 .debug_macro   0x0000000000001246      0x1df ./Core/Src/fsmc.o
 .debug_macro   0x0000000000001425       0x1c ./Core/Src/fsmc.o
 .debug_macro   0x0000000000001441       0x22 ./Core/Src/fsmc.o
 .debug_macro   0x0000000000001463       0xdf ./Core/Src/fsmc.o
 .debug_macro   0x0000000000001542     0x102d ./Core/Src/fsmc.o
 .debug_macro   0x000000000000256f      0x11f ./Core/Src/fsmc.o
 .debug_macro   0x000000000000268e    0x15e58 ./Core/Src/fsmc.o
 .debug_macro   0x00000000000184e6       0x6d ./Core/Src/fsmc.o
 .debug_macro   0x0000000000018553     0x3666 ./Core/Src/fsmc.o
 .debug_macro   0x000000000001bbb9      0x174 ./Core/Src/fsmc.o
 .debug_macro   0x000000000001bd2d       0x5c ./Core/Src/fsmc.o
 .debug_macro   0x000000000001bd89      0x96b ./Core/Src/fsmc.o
 .debug_macro   0x000000000001c6f4      0x9fe ./Core/Src/fsmc.o
 .debug_macro   0x000000000001d0f2      0x116 ./Core/Src/fsmc.o
 .debug_macro   0x000000000001d208      0x13e ./Core/Src/fsmc.o
 .debug_macro   0x000000000001d346       0xa5 ./Core/Src/fsmc.o
 .debug_macro   0x000000000001d3eb      0x174 ./Core/Src/fsmc.o
 .debug_macro   0x000000000001d55f      0x287 ./Core/Src/fsmc.o
 .debug_macro   0x000000000001d7e6       0x5f ./Core/Src/fsmc.o
 .debug_macro   0x000000000001d845      0x236 ./Core/Src/fsmc.o
 .debug_macro   0x000000000001da7b      0x12c ./Core/Src/fsmc.o
 .debug_macro   0x000000000001dba7      0x21e ./Core/Src/fsmc.o
 .debug_macro   0x000000000001ddc5       0x2e ./Core/Src/fsmc.o
 .debug_macro   0x000000000001ddf3      0x543 ./Core/Src/fsmc.o
 .debug_macro   0x000000000001e336      0x1b5 ./Core/Src/fsmc.o
 .debug_macro   0x000000000001e4eb       0xd6 ./Core/Src/fsmc.o
 .debug_macro   0x000000000001e5c1      0x11a ./Core/Src/fsmc.o
 .debug_macro   0x000000000001e6db       0x7e ./Core/Src/fsmc.o
 .debug_macro   0x000000000001e759       0x89 ./Core/Src/fsmc.o
 .debug_macro   0x000000000001e7e2      0x225 ./Core/Src/fsmc.o
 .debug_macro   0x000000000001ea07      0x8d1 ./Core/Src/fsmc.o
 .debug_macro   0x000000000001f2d8       0x47 ./Core/Src/fsmc.o
 .debug_macro   0x000000000001f31f      0x295 ./Core/Src/fsmc.o
 .debug_macro   0x000000000001f5b4      0x12d ./Core/Src/fsmc.o
 .debug_macro   0x000000000001f6e1       0x88 ./Core/Src/fsmc.o
 .debug_macro   0x000000000001f769      0x226 ./Core/Src/gpio.o
 .debug_macro   0x000000000001f98f      0x226 ./Core/Src/i2c.o
 .debug_macro   0x000000000001fbb5      0x230 ./Core/Src/led_7seg.o
 .debug_macro   0x000000000001fde5      0x280 ./Core/Src/main.o
 .debug_macro   0x0000000000020065      0x24e ./Core/Src/software_timer.o
 .debug_macro   0x00000000000202b3      0x226 ./Core/Src/spi.o
 .debug_macro   0x00000000000204d9      0x21c ./Core/Src/stm32f4xx_hal_msp.o
 .debug_macro   0x00000000000206f5      0x226 ./Core/Src/stm32f4xx_it.o
 .debug_macro   0x000000000002091b      0x20d ./Core/Src/system_stm32f4xx.o
 .debug_macro   0x0000000000020b28      0x226 ./Core/Src/tim.o
 .debug_macro   0x0000000000020d4e      0x226 ./Core/Src/usart.o
 .debug_macro   0x0000000000020f74      0x26d ./Drivers/STM32F4xx_HAL_Driver/Src/stm32f4xx_hal.o
 .debug_macro   0x00000000000211e1      0x20d ./Drivers/STM32F4xx_HAL_Driver/Src/stm32f4xx_hal_cortex.o
 .debug_macro   0x00000000000213ee      0x213 ./Drivers/STM32F4xx_HAL_Driver/Src/stm32f4xx_hal_dma.o
 .debug_macro   0x0000000000021601      0x213 ./Drivers/STM32F4xx_HAL_Driver/Src/stm32f4xx_hal_gpio.o
 .debug_macro   0x0000000000021814      0x254 ./Drivers/STM32F4xx_HAL_Driver/Src/stm32f4xx_hal_i2c.o
 .debug_macro   0x0000000000021a68      0x231 ./Drivers/STM32F4xx_HAL_Driver/Src/stm32f4xx_hal_rcc.o
 .debug_macro   0x0000000000021c99      0x21c ./Drivers/STM32F4xx_HAL_Driver/Src/stm32f4xx_hal_spi.o
 .debug_macro   0x0000000000021eb5      0x20d ./Drivers/STM32F4xx_HAL_Driver/Src/stm32f4xx_hal_sram.o
 .debug_macro   0x00000000000220c2      0x20e ./Drivers/STM32F4xx_HAL_Driver/Src/stm32f4xx_hal_tim.o
 .debug_macro   0x00000000000222d0      0x20d ./Drivers/STM32F4xx_HAL_Driver/Src/stm32f4xx_hal_tim_ex.o
 .debug_macro   0x00000000000224dd      0x20e ./Drivers/STM32F4xx_HAL_Driver/Src/stm32f4xx_hal_uart.o
 .debug_macro   0x00000000000226eb      0x20d ./Drivers/STM32F4xx_HAL_Driver/Src/stm32f4xx_ll_fsmc.o

.debug_line     0x0000000000000000    0x18877
 .debug_line    0x0000000000000000      0x83e ./Core/Src/fsmc.o
 .debug_line    0x000000000000083e      0x79c ./Core/Src/gpio.o
 .debug_line    0x0000000000000fda      0x7a7 ./Core/Src/i2c.o
 .debug_line    0x0000000000001781      0x839 ./Core/Src/led_7seg.o
 .debug_line    0x0000000000001fba      0x883 ./Core/Src/main.o
 .debug_line    0x000000000000283d      0x7bc ./Core/Src/software_timer.o
 .debug_line    0x0000000000002ff9      0x7af ./Core/Src/spi.o
 .debug_line    0x00000000000037a8      0x73e ./Core/Src/stm32f4xx_hal_msp.o
 .debug_line    0x0000000000003ee6      0x830 ./Core/Src/stm32f4xx_it.o
 .debug_line    0x0000000000004716      0x7bf ./Core/Src/system_stm32f4xx.o
 .debug_line    0x0000000000004ed5      0x7ab ./Core/Src/tim.o
 .debug_line    0x0000000000005680      0x7aa ./Core/Src/usart.o
 .debug_line    0x0000000000005e2a       0x88 ./Core/Startup/startup_stm32f407zetx.o
 .debug_line    0x0000000000005eb2      0xa25 ./Drivers/STM32F4xx_HAL_Driver/Src/stm32f4xx_hal.o
 .debug_line    0x00000000000068d7      0xcd4 ./Drivers/STM32F4xx_HAL_Driver/Src/stm32f4xx_hal_cortex.o
 .debug_line    0x00000000000075ab      0xf8a ./Drivers/STM32F4xx_HAL_Driver/Src/stm32f4xx_hal_dma.o
 .debug_line    0x0000000000008535      0xb9b ./Drivers/STM32F4xx_HAL_Driver/Src/stm32f4xx_hal_gpio.o
 .debug_line    0x00000000000090d0     0x39d1 ./Drivers/STM32F4xx_HAL_Driver/Src/stm32f4xx_hal_i2c.o
 .debug_line    0x000000000000caa1      0xda1 ./Drivers/STM32F4xx_HAL_Driver/Src/stm32f4xx_hal_rcc.o
 .debug_line    0x000000000000d842     0x1cad ./Drivers/STM32F4xx_HAL_Driver/Src/stm32f4xx_hal_spi.o
 .debug_line    0x000000000000f4ef      0xbc7 ./Drivers/STM32F4xx_HAL_Driver/Src/stm32f4xx_hal_sram.o
 .debug_line    0x00000000000100b6     0x3719 ./Drivers/STM32F4xx_HAL_Driver/Src/stm32f4xx_hal_tim.o
 .debug_line    0x00000000000137cf     0x1a22 ./Drivers/STM32F4xx_HAL_Driver/Src/stm32f4xx_hal_tim_ex.o
 .debug_line    0x00000000000151f1     0x2aac ./Drivers/STM32F4xx_HAL_Driver/Src/stm32f4xx_hal_uart.o
 .debug_line    0x0000000000017c9d      0xbda ./Drivers/STM32F4xx_HAL_Driver/Src/stm32f4xx_ll_fsmc.o

.debug_str      0x0000000000000000    0xce6e9
 .debug_str     0x0000000000000000    0xc97b5 ./Core/Src/fsmc.o
                                      0xc9b14 (size before relaxing)
 .debug_str     0x00000000000c97b5       0x48 ./Core/Src/gpio.o
                                      0xc95f2 (size before relaxing)
 .debug_str     0x00000000000c97fd      0x2bc ./Core/Src/i2c.o
                                      0xc9af2 (size before relaxing)
 .debug_str     0x00000000000c9ab9      0x252 ./Core/Src/led_7seg.o
                                      0xc9954 (size before relaxing)
 .debug_str     0x00000000000c9d0b      0x596 ./Core/Src/main.o
                                      0xca45f (size before relaxing)
 .debug_str     0x00000000000ca2a1       0x88 ./Core/Src/software_timer.o
                                      0xc9c15 (size before relaxing)
 .debug_str     0x00000000000ca329       0x4b ./Core/Src/spi.o
                                      0xc9a4f (size before relaxing)
 .debug_str     0x00000000000ca374       0x2c ./Core/Src/stm32f4xx_hal_msp.o
                                      0xc9555 (size before relaxing)
 .debug_str     0x00000000000ca3a0       0xdf ./Core/Src/stm32f4xx_it.o
                                      0xc9c1c (size before relaxing)
 .debug_str     0x00000000000ca47f       0xaf ./Core/Src/system_stm32f4xx.o
                                      0xc93a5 (size before relaxing)
 .debug_str     0x00000000000ca52e      0x5c8 ./Core/Src/tim.o
                                      0xca072 (size before relaxing)
 .debug_str     0x00000000000caaf6       0x57 ./Core/Src/usart.o
                                      0xc9f45 (size before relaxing)
 .debug_str     0x00000000000cab4d       0x36 ./Core/Startup/startup_stm32f407zetx.o
                                         0x89 (size before relaxing)
 .debug_str     0x00000000000cab83      0x583 ./Drivers/STM32F4xx_HAL_Driver/Src/stm32f4xx_hal.o
                                      0xc9e87 (size before relaxing)
 .debug_str     0x00000000000cb106      0x399 ./Drivers/STM32F4xx_HAL_Driver/Src/stm32f4xx_hal_cortex.o
                                      0xc9c76 (size before relaxing)
 .debug_str     0x00000000000cb49f      0x315 ./Drivers/STM32F4xx_HAL_Driver/Src/stm32f4xx_hal_dma.o
                                      0xc97cf (size before relaxing)
 .debug_str     0x00000000000cb7b4      0x15a ./Drivers/STM32F4xx_HAL_Driver/Src/stm32f4xx_hal_gpio.o
                                      0xc954c (size before relaxing)
 .debug_str     0x00000000000cb90e      0xac3 ./Drivers/STM32F4xx_HAL_Driver/Src/stm32f4xx_hal_i2c.o
                                      0xca327 (size before relaxing)
 .debug_str     0x00000000000cc3d1      0x24e ./Drivers/STM32F4xx_HAL_Driver/Src/stm32f4xx_hal_rcc.o
                                      0xc97a7 (size before relaxing)
 .debug_str     0x00000000000cc61f      0x564 ./Drivers/STM32F4xx_HAL_Driver/Src/stm32f4xx_hal_spi.o
                                      0xc9c49 (size before relaxing)
 .debug_str     0x00000000000ccb83      0x1b4 ./Drivers/STM32F4xx_HAL_Driver/Src/stm32f4xx_hal_sram.o
                                      0xc98bf (size before relaxing)
 .debug_str     0x00000000000ccd37      0xdbd ./Drivers/STM32F4xx_HAL_Driver/Src/stm32f4xx_hal_tim.o
                                      0xca6d4 (size before relaxing)
 .debug_str     0x00000000000cdaf4      0x4ee ./Drivers/STM32F4xx_HAL_Driver/Src/stm32f4xx_hal_tim_ex.o
                                      0xc9e85 (size before relaxing)
 .debug_str     0x00000000000cdfe2      0x602 ./Drivers/STM32F4xx_HAL_Driver/Src/stm32f4xx_hal_uart.o
                                      0xc9d2d (size before relaxing)
 .debug_str     0x00000000000ce5e4      0x105 ./Drivers/STM32F4xx_HAL_Driver/Src/stm32f4xx_ll_fsmc.o
                                      0xc9786 (size before relaxing)

.comment        0x0000000000000000       0x53
 .comment       0x0000000000000000       0x53 ./Core/Src/fsmc.o
                                         0x54 (size before relaxing)
 .comment       0x0000000000000053       0x54 ./Core/Src/gpio.o
 .comment       0x0000000000000053       0x54 ./Core/Src/i2c.o
 .comment       0x0000000000000053       0x54 ./Core/Src/led_7seg.o
 .comment       0x0000000000000053       0x54 ./Core/Src/main.o
 .comment       0x0000000000000053       0x54 ./Core/Src/software_timer.o
 .comment       0x0000000000000053       0x54 ./Core/Src/spi.o
 .comment       0x0000000000000053       0x54 ./Core/Src/stm32f4xx_hal_msp.o
 .comment       0x0000000000000053       0x54 ./Core/Src/stm32f4xx_it.o
 .comment       0x0000000000000053       0x54 ./Core/Src/system_stm32f4xx.o
 .comment       0x0000000000000053       0x54 ./Core/Src/tim.o
 .comment       0x0000000000000053       0x54 ./Core/Src/usart.o
 .comment       0x0000000000000053       0x54 ./Drivers/STM32F4xx_HAL_Driver/Src/stm32f4xx_hal.o
 .comment       0x0000000000000053       0x54 ./Drivers/STM32F4xx_HAL_Driver/Src/stm32f4xx_hal_cortex.o
 .comment       0x0000000000000053       0x54 ./Drivers/STM32F4xx_HAL_Driver/Src/stm32f4xx_hal_dma.o
 .comment       0x0000000000000053       0x54 ./Drivers/STM32F4xx_HAL_Driver/Src/stm32f4xx_hal_gpio.o
 .comment       0x0000000000000053       0x54 ./Drivers/STM32F4xx_HAL_Driver/Src/stm32f4xx_hal_i2c.o
 .comment       0x0000000000000053       0x54 ./Drivers/STM32F4xx_HAL_Driver/Src/stm32f4xx_hal_rcc.o
 .comment       0x0000000000000053       0x54 ./Drivers/STM32F4xx_HAL_Driver/Src/stm32f4xx_hal_spi.o
 .comment       0x0000000000000053       0x54 ./Drivers/STM32F4xx_HAL_Driver/Src/stm32f4xx_hal_sram.o
 .comment       0x0000000000000053       0x54 ./Drivers/STM32F4xx_HAL_Driver/Src/stm32f4xx_hal_tim.o
 .comment       0x0000000000000053       0x54 ./Drivers/STM32F4xx_HAL_Driver/Src/stm32f4xx_hal_tim_ex.o
 .comment       0x0000000000000053       0x54 ./Drivers/STM32F4xx_HAL_Driver/Src/stm32f4xx_hal_uart.o
 .comment       0x0000000000000053       0x54 ./Drivers/STM32F4xx_HAL_Driver/Src/stm32f4xx_ll_fsmc.o

.debug_frame    0x0000000000000000     0x5004
 .debug_frame   0x0000000000000000       0xbc ./Core/Src/fsmc.o
 .debug_frame   0x00000000000000bc       0x34 ./Core/Src/gpio.o
 .debug_frame   0x00000000000000f0       0x74 ./Core/Src/i2c.o
 .debug_frame   0x0000000000000164       0xe8 ./Core/Src/led_7seg.o
 .debug_frame   0x000000000000024c       0xa8 ./Core/Src/main.o
 .debug_frame   0x00000000000002f4       0x78 ./Core/Src/software_timer.o
 .debug_frame   0x000000000000036c       0x74 ./Core/Src/spi.o
 .debug_frame   0x00000000000003e0       0x38 ./Core/Src/stm32f4xx_hal_msp.o
 .debug_frame   0x0000000000000418      0x13c ./Core/Src/stm32f4xx_it.o
 .debug_frame   0x0000000000000554       0x58 ./Core/Src/system_stm32f4xx.o
 .debug_frame   0x00000000000005ac       0x7c ./Core/Src/tim.o
 .debug_frame   0x0000000000000628       0x74 ./Core/Src/usart.o
 .debug_frame   0x000000000000069c      0x374 ./Drivers/STM32F4xx_HAL_Driver/Src/stm32f4xx_hal.o
 .debug_frame   0x0000000000000a10      0x498 ./Drivers/STM32F4xx_HAL_Driver/Src/stm32f4xx_hal_cortex.o
 .debug_frame   0x0000000000000ea8      0x250 ./Drivers/STM32F4xx_HAL_Driver/Src/stm32f4xx_hal_dma.o
 .debug_frame   0x00000000000010f8      0x14c ./Drivers/STM32F4xx_HAL_Driver/Src/stm32f4xx_hal_gpio.o
 .debug_frame   0x0000000000001244      0xc5c ./Drivers/STM32F4xx_HAL_Driver/Src/stm32f4xx_hal_i2c.o
 .debug_frame   0x0000000000001ea0      0x1f0 ./Drivers/STM32F4xx_HAL_Driver/Src/stm32f4xx_hal_rcc.o
 .debug_frame   0x0000000000002090      0x824 ./Drivers/STM32F4xx_HAL_Driver/Src/stm32f4xx_hal_spi.o
 .debug_frame   0x00000000000028b4      0x2a0 ./Drivers/STM32F4xx_HAL_Driver/Src/stm32f4xx_hal_sram.o
 .debug_frame   0x0000000000002b54     0x11c4 ./Drivers/STM32F4xx_HAL_Driver/Src/stm32f4xx_hal_tim.o
 .debug_frame   0x0000000000003d18      0x638 ./Drivers/STM32F4xx_HAL_Driver/Src/stm32f4xx_hal_tim_ex.o
 .debug_frame   0x0000000000004350      0x92c ./Drivers/STM32F4xx_HAL_Driver/Src/stm32f4xx_hal_uart.o
 .debug_frame   0x0000000000004c7c      0x2dc ./Drivers/STM32F4xx_HAL_Driver/Src/stm32f4xx_ll_fsmc.o
 .debug_frame   0x0000000000004f58       0x2c c:/st/stm32cubeide_1.7.0/stm32cubeide/plugins/com.st.stm32cube.ide.mcu.externaltools.gnu-tools-for-stm32.9-2020-q2-update.win32_2.0.0.202105311346/tools/bin/../lib/gcc/arm-none-eabi/9.3.1/../../../../arm-none-eabi/lib/thumb/v7e-m+fp/hard\libc_nano.a(lib_a-init.o)
 .debug_frame   0x0000000000004f84       0x20 c:/st/stm32cubeide_1.7.0/stm32cubeide/plugins/com.st.stm32cube.ide.mcu.externaltools.gnu-tools-for-stm32.9-2020-q2-update.win32_2.0.0.202105311346/tools/bin/../lib/gcc/arm-none-eabi/9.3.1/../../../../arm-none-eabi/lib/thumb/v7e-m+fp/hard\libc_nano.a(lib_a-memset.o)
 .debug_frame   0x0000000000004fa4       0x2c c:/st/stm32cubeide_1.7.0/stm32cubeide/plugins/com.st.stm32cube.ide.mcu.externaltools.gnu-tools-for-stm32.9-2020-q2-update.win32_2.0.0.202105311346/tools/bin/../lib/gcc/arm-none-eabi/9.3.1/thumb/v7e-m+fp/hard\libgcc.a(_aeabi_uldivmod.o)
 .debug_frame   0x0000000000004fd0       0x34 c:/st/stm32cubeide_1.7.0/stm32cubeide/plugins/com.st.stm32cube.ide.mcu.externaltools.gnu-tools-for-stm32.9-2020-q2-update.win32_2.0.0.202105311346/tools/bin/../lib/gcc/arm-none-eabi/9.3.1/thumb/v7e-m+fp/hard\libgcc.a(_udivmoddi4.o)
